layer at (0,0) size 800x600
  RenderView at (0,0) size 800x600
layer at (0,0) size 800x600
  RenderBlock {HTML} at (0,0) size 800x600
    RenderBody {BODY} at (0,0) size 800x600
      RenderBlock {DETAILS} at (0,0) size 800x20
        RenderListItem {SUMMARY} at (0,0) size 800x20
          RenderListMarker at (0,0) size 14x19: "\x{25B8}"
          RenderText {#text} at (13,0) size 61x19
            text run at (13,0) width 61: "summary"
