layer at (0,0) size 800x600
  RenderView at (0,0) size 800x600
layer at (0,0) size 800x600
  RenderBlock {HTML} at (0,0) size 800x600
    RenderBody {BODY} at (8,8) size 784x584
      RenderBlock {DETAILS} at (0,0) size 784x20
        RenderListItem {SUMMARY} at (0,0) size 784x20
          RenderListMarker at (0,0) size 14x19: "\x{25BE}"
          RenderText {#text} at (13,0) size 65x19
            text run at (13,0) width 65: "summary "
          RenderInline {SPAN} at (77,0) size 184x19
            RenderText {#text} at (77,0) size 184x19
              text run at (77,0) width 184: "shouldn't have any bold text."
        RenderBlock {SLOT} at (0,20) size 784x0
