layer at (0,0) size 800x600
  RenderView at (0,0) size 800x600
layer at (0,0) size 800x600
  RenderBlock {HTML} at (0,0) size 800x600
    RenderBody {BODY} at (8,8) size 784x584
      RenderBlock {DETAILS} at (0,0) size 784x18
        RenderListItem {SUMMARY} at (0,0) size 784x18
          RenderListMarker at (0,0) size 15x18: "\x{25BE}"
          RenderText {#text} at (14,0) size 39x18
            text run at (14,0) width 39: "new 1"
        RenderBlock {SLOT} at (0,18) size 784x0
