layer at (0,0) size 800x600
  RenderView at (0,0) size 800x600
layer at (0,0) size 800x600
  RenderBlock {HTML} at (0,0) size 800x600
    RenderBody {BODY} at (8,8) size 784x584
      RenderBlock {DETAILS} at (0,0) size 784x18
        RenderListItem {SUMMARY} at (0,0) size 784x18
          RenderListMarker at (0,0) size 15x18: "\x{25BE}"
          RenderText {#text} at (14,0) size 64x18
            text run at (14,0) width 64: "summary "
          RenderInline {SPAN} at (77,0) size 185x18
            RenderText {#text} at (77,0) size 185x18
              text run at (77,0) width 185: "shouldn't have any bold text."
        RenderBlock {SLOT} at (0,18) size 784x0
