layer at (0,0) size 785x1478
  RenderView at (0,0) size 785x600
layer at (0,0) size 785x1478
  RenderBlock {HTML} at (0,0) size 785x1478
    RenderBody {BODY} at (8,8) size 769x1462
      RenderTable {TABLE} at (0,0) size 614x352 [border: (1px outset #000000)]
        RenderTableSection {TBODY} at (1,1) size 612x350
          RenderTableRow {TR} at (0,2) size 612x30
            RenderTableCell {TH} at (2,2) size 608x30 [border: (1px inset #000000)] [r=0 c=0 rs=1 cs=6]
              RenderText {#text} at (227,6) size 154x18
                text run at (227,6) width 154: "text-align not specified"
          RenderTableRow {TR} at (0,34) size 612x30
            RenderTableCell {TH} at (2,50) size 104x30 [border: (1px inset #000000)] [r=1 c=0 rs=2 cs=2]
              RenderText {#text} at (49,22) size 5x18
                text run at (49,6) width 5: " "
            RenderTableCell {TH} at (107,34) size 503x30 [border: (1px inset #000000)] [r=1 c=2 rs=1 cs=4]
              RenderText {#text} at (176,6) size 150x18
                text run at (176,6) width 150: "-webkit-writing-mode"
          RenderTableRow {TR} at (0,66) size 612x30
            RenderTableCell {TH} at (107,66) size 125x30 [border: (1px inset #000000)] [r=2 c=2 rs=1 cs=1]
              RenderText {#text} at (17,6) size 90x18
                text run at (17,6) width 90: "horizontal-tb"
            RenderTableCell {TH} at (233,66) size 125x30 [border: (1px inset #000000)] [r=2 c=3 rs=1 cs=1]
              RenderText {#text} at (17,6) size 90x18
                text run at (17,6) width 90: "horizontal-bt"
            RenderTableCell {TH} at (359,66) size 125x30 [border: (1px inset #000000)] [r=2 c=4 rs=1 cs=1]
              RenderText {#text} at (27,6) size 70x18
                text run at (27,6) width 70: "vertical-lr"
            RenderTableCell {TH} at (485,66) size 125x30 [border: (1px inset #000000)] [r=2 c=5 rs=1 cs=1]
              RenderText {#text} at (27,6) size 70x18
                text run at (27,6) width 70: "vertical-rl"
          RenderTableRow {TR} at (0,98) size 612x124
            RenderTableCell {TH} at (2,208) size 74x30 [border: (1px inset #000000)] [r=3 c=0 rs=4 cs=1]
              RenderText {#text} at (6,116) size 62x18
                text run at (6,6) width 62: "direction"
            RenderTableCell {TH} at (77,145) size 29x30 [border: (1px inset #000000)] [r=3 c=1 rs=1 cs=1]
              RenderText {#text} at (6,53) size 17x18
                text run at (6,6) width 17: "ltr"
            RenderTableCell {TD} at (107,98) size 125x124 [border: (1px solid #000000)] [r=3 c=2 rs=1 cs=1]
              RenderBlock {DIV} at (2,2) size 120x120
                RenderBlock {DETAILS} at (0,0) size 120x18
                  RenderListItem {SUMMARY} at (0,0) size 120x18
                    RenderListMarker at (0,0) size 13x18: "\x{25B8}"
                    RenderText {#text} at (12,0) size 61x18
                      text run at (12,0) width 61: "summary"
                RenderBlock {DETAILS} at (0,18) size 120x18
                  RenderListItem {SUMMARY} at (0,0) size 120x18
                    RenderListMarker at (0,0) size 15x18: "\x{25BE}"
                    RenderText {#text} at (14,0) size 60x18
                      text run at (14,0) width 60: "summary"
                  RenderBlock {SLOT} at (0,18) size 120x0
            RenderTableCell {TD} at (233,98) size 125x124 [border: (1px solid #000000)] [r=3 c=3 rs=1 cs=1]
              RenderBlock {DIV} at (2,2) size 120x120
                RenderBlock {DETAILS} at (0,0) size 120x18
                  RenderListItem {SUMMARY} at (0,0) size 120x18
                    RenderListMarker at (0,0) size 13x18: "\x{25B8}"
                    RenderText {#text} at (12,0) size 61x18
                      text run at (12,0) width 61: "summary"
                RenderBlock {DETAILS} at (0,18) size 120x18
                  RenderListItem {SUMMARY} at (0,0) size 120x18
                    RenderListMarker at (0,0) size 13x18: "\x{25B4}"
                    RenderText {#text} at (12,0) size 61x18
                      text run at (12,0) width 61: "summary"
                  RenderBlock {SLOT} at (0,18) size 120x0
            RenderTableCell {TD} at (359,98) size 125x124 [border: (1px solid #000000)] [r=3 c=4 rs=1 cs=1]
              RenderBlock {DIV} at (2,2) size 120x120
                RenderBlock {DETAILS} at (0,0) size 18x120
                  RenderListItem {SUMMARY} at (0,0) size 18x120
                    RenderListMarker at (0,0) size 18x15: "\x{25BE}"
                    RenderText {#text} at (0,14) size 18x60
                      text run at (0,14) width 60: "summary"
                RenderBlock {DETAILS} at (18,0) size 18x120
                  RenderListItem {SUMMARY} at (0,0) size 18x120
                    RenderListMarker at (0,0) size 18x13: "\x{25B8}"
                    RenderText {#text} at (0,12) size 18x61
                      text run at (0,12) width 60: "summary"
                  RenderBlock {SLOT} at (18,0) size 0x120
            RenderTableCell {TD} at (485,98) size 125x124 [border: (1px solid #000000)] [r=3 c=5 rs=1 cs=1]
              RenderBlock {DIV} at (2,2) size 120x120
                RenderBlock {DETAILS} at (0,0) size 18x120
                  RenderListItem {SUMMARY} at (0,0) size 18x120
                    RenderListMarker at (0,0) size 18x15: "\x{25BE}"
                    RenderText {#text} at (0,14) size 18x60
                      text run at (0,14) width 60: "summary"
                RenderBlock {DETAILS} at (18,0) size 18x120
                  RenderListItem {SUMMARY} at (0,0) size 18x120
                    RenderListMarker at (0,0) size 18x14: "\x{25C2}"
                    RenderText {#text} at (0,13) size 18x61
                      text run at (0,13) width 60: "summary"
                  RenderBlock {SLOT} at (18,0) size 0x120
          RenderTableRow {TR} at (0,224) size 612x124
            RenderTableCell {TH} at (77,271) size 29x30 [border: (1px inset #000000)] [r=4 c=1 rs=1 cs=1]
              RenderText {#text} at (6,53) size 17x18
                text run at (6,6) width 17: "rtl"
            RenderTableCell {TD} at (107,224) size 125x124 [border: (1px solid #000000)] [r=4 c=2 rs=1 cs=1]
              RenderBlock {DIV} at (2,2) size 120x120
                RenderBlock {DETAILS} at (0,0) size 120x18
                  RenderListItem {SUMMARY} at (0,0) size 120x18
                    RenderListMarker at (106,0) size 14x18: "\x{25C2}"
                    RenderText {#text} at (46,0) size 61x18
                      text run at (46,0) width 61: "summary"
                RenderBlock {DETAILS} at (0,18) size 120x18
                  RenderListItem {SUMMARY} at (0,0) size 120x18
                    RenderListMarker at (105,0) size 15x18: "\x{25BE}"
                    RenderText {#text} at (46,0) size 60x18
                      text run at (46,0) width 60: "summary"
                  RenderBlock {SLOT} at (0,18) size 120x0
            RenderTableCell {TD} at (233,224) size 125x124 [border: (1px solid #000000)] [r=4 c=3 rs=1 cs=1]
              RenderBlock {DIV} at (2,2) size 120x120
                RenderBlock {DETAILS} at (0,0) size 120x18
                  RenderListItem {SUMMARY} at (0,0) size 120x18
                    RenderListMarker at (106,0) size 14x18: "\x{25C2}"
                    RenderText {#text} at (46,0) size 61x18
                      text run at (46,0) width 61: "summary"
                RenderBlock {DETAILS} at (0,18) size 120x18
                  RenderListItem {SUMMARY} at (0,0) size 120x18
                    RenderListMarker at (107,0) size 13x18: "\x{25B4}"
                    RenderText {#text} at (47,0) size 61x18
                      text run at (47,0) width 61: "summary"
                  RenderBlock {SLOT} at (0,18) size 120x0
            RenderTableCell {TD} at (359,224) size 125x124 [border: (1px solid #000000)] [r=4 c=4 rs=1 cs=1]
              RenderBlock {DIV} at (2,2) size 120x120
                RenderBlock {DETAILS} at (0,0) size 18x120
                  RenderListItem {SUMMARY} at (0,0) size 18x120
                    RenderListMarker at (0,107) size 18x13: "\x{25B4}"
                    RenderText {#text} at (0,47) size 18x61
                      text run at (0,47) width 60: "summary"
                RenderBlock {DETAILS} at (18,0) size 18x120
                  RenderListItem {SUMMARY} at (0,0) size 18x120
                    RenderListMarker at (0,107) size 18x13: "\x{25B8}"
                    RenderText {#text} at (0,47) size 18x61
                      text run at (0,47) width 60: "summary"
                  RenderBlock {SLOT} at (18,0) size 0x120
            RenderTableCell {TD} at (485,224) size 125x124 [border: (1px solid #000000)] [r=4 c=5 rs=1 cs=1]
              RenderBlock {DIV} at (2,2) size 120x120
                RenderBlock {DETAILS} at (0,0) size 18x120
                  RenderListItem {SUMMARY} at (0,0) size 18x120
                    RenderListMarker at (0,107) size 18x13: "\x{25B4}"
                    RenderText {#text} at (0,47) size 18x61
                      text run at (0,47) width 60: "summary"
                RenderBlock {DETAILS} at (18,0) size 18x120
                  RenderListItem {SUMMARY} at (0,0) size 18x120
                    RenderListMarker at (0,106) size 18x14: "\x{25C2}"
                    RenderText {#text} at (0,46) size 18x61
                      text run at (0,46) width 60: "summary"
                  RenderBlock {SLOT} at (18,0) size 0x120
      RenderBlock (anonymous) at (0,352) size 769x18
        RenderBR {BR} at (0,0) size 0x18
      RenderTable {TABLE} at (0,370) size 614x352 [border: (1px outset #000000)]
        RenderTableSection {TBODY} at (1,1) size 612x350
          RenderTableRow {TR} at (0,2) size 612x30
            RenderTableCell {TH} at (2,2) size 608x30 [border: (1px inset #000000)] [r=0 c=0 rs=1 cs=6]
              RenderText {#text} at (255,6) size 98x18
                text run at (255,6) width 98: "text-align: left"
          RenderTableRow {TR} at (0,34) size 612x30
            RenderTableCell {TH} at (2,50) size 104x30 [border: (1px inset #000000)] [r=1 c=0 rs=2 cs=2]
              RenderText {#text} at (49,22) size 5x18
                text run at (49,6) width 5: " "
            RenderTableCell {TH} at (107,34) size 503x30 [border: (1px inset #000000)] [r=1 c=2 rs=1 cs=4]
              RenderText {#text} at (176,6) size 150x18
                text run at (176,6) width 150: "-webkit-writing-mode"
          RenderTableRow {TR} at (0,66) size 612x30
            RenderTableCell {TH} at (107,66) size 125x30 [border: (1px inset #000000)] [r=2 c=2 rs=1 cs=1]
              RenderText {#text} at (17,6) size 90x18
                text run at (17,6) width 90: "horizontal-tb"
            RenderTableCell {TH} at (233,66) size 125x30 [border: (1px inset #000000)] [r=2 c=3 rs=1 cs=1]
              RenderText {#text} at (17,6) size 90x18
                text run at (17,6) width 90: "horizontal-bt"
            RenderTableCell {TH} at (359,66) size 125x30 [border: (1px inset #000000)] [r=2 c=4 rs=1 cs=1]
              RenderText {#text} at (27,6) size 70x18
                text run at (27,6) width 70: "vertical-lr"
            RenderTableCell {TH} at (485,66) size 125x30 [border: (1px inset #000000)] [r=2 c=5 rs=1 cs=1]
              RenderText {#text} at (27,6) size 70x18
                text run at (27,6) width 70: "vertical-rl"
          RenderTableRow {TR} at (0,98) size 612x124
            RenderTableCell {TH} at (2,208) size 74x30 [border: (1px inset #000000)] [r=3 c=0 rs=4 cs=1]
              RenderText {#text} at (6,116) size 62x18
                text run at (6,6) width 62: "direction"
            RenderTableCell {TH} at (77,145) size 29x30 [border: (1px inset #000000)] [r=3 c=1 rs=1 cs=1]
              RenderText {#text} at (6,53) size 17x18
                text run at (6,6) width 17: "ltr"
            RenderTableCell {TD} at (107,98) size 125x124 [border: (1px solid #000000)] [r=3 c=2 rs=1 cs=1]
              RenderBlock {DIV} at (2,2) size 120x120
                RenderBlock {DETAILS} at (0,0) size 120x18
                  RenderListItem {SUMMARY} at (0,0) size 120x18
                    RenderListMarker at (0,0) size 13x18: "\x{25B8}"
                    RenderText {#text} at (12,0) size 61x18
                      text run at (12,0) width 61: "summary"
                RenderBlock {DETAILS} at (0,18) size 120x18
                  RenderListItem {SUMMARY} at (0,0) size 120x18
                    RenderListMarker at (0,0) size 15x18: "\x{25BE}"
                    RenderText {#text} at (14,0) size 60x18
                      text run at (14,0) width 60: "summary"
                  RenderBlock {SLOT} at (0,18) size 120x0
            RenderTableCell {TD} at (233,98) size 125x124 [border: (1px solid #000000)] [r=3 c=3 rs=1 cs=1]
              RenderBlock {DIV} at (2,2) size 120x120
                RenderBlock {DETAILS} at (0,0) size 120x18
                  RenderListItem {SUMMARY} at (0,0) size 120x18
                    RenderListMarker at (0,0) size 13x18: "\x{25B8}"
                    RenderText {#text} at (12,0) size 61x18
                      text run at (12,0) width 61: "summary"
                RenderBlock {DETAILS} at (0,18) size 120x18
                  RenderListItem {SUMMARY} at (0,0) size 120x18
                    RenderListMarker at (0,0) size 13x18: "\x{25B4}"
                    RenderText {#text} at (12,0) size 61x18
                      text run at (12,0) width 61: "summary"
                  RenderBlock {SLOT} at (0,18) size 120x0
            RenderTableCell {TD} at (359,98) size 125x124 [border: (1px solid #000000)] [r=3 c=4 rs=1 cs=1]
              RenderBlock {DIV} at (2,2) size 120x120
                RenderBlock {DETAILS} at (0,0) size 18x120
                  RenderListItem {SUMMARY} at (0,0) size 18x120
                    RenderListMarker at (0,0) size 18x15: "\x{25BE}"
                    RenderText {#text} at (0,14) size 18x60
                      text run at (0,14) width 60: "summary"
                RenderBlock {DETAILS} at (18,0) size 18x120
                  RenderListItem {SUMMARY} at (0,0) size 18x120
                    RenderListMarker at (0,0) size 18x13: "\x{25B8}"
                    RenderText {#text} at (0,12) size 18x61
                      text run at (0,12) width 60: "summary"
                  RenderBlock {SLOT} at (18,0) size 0x120
            RenderTableCell {TD} at (485,98) size 125x124 [border: (1px solid #000000)] [r=3 c=5 rs=1 cs=1]
              RenderBlock {DIV} at (2,2) size 120x120
                RenderBlock {DETAILS} at (0,0) size 18x120
                  RenderListItem {SUMMARY} at (0,0) size 18x120
                    RenderListMarker at (0,0) size 18x15: "\x{25BE}"
                    RenderText {#text} at (0,14) size 18x60
                      text run at (0,14) width 60: "summary"
                RenderBlock {DETAILS} at (18,0) size 18x120
                  RenderListItem {SUMMARY} at (0,0) size 18x120
                    RenderListMarker at (0,0) size 18x14: "\x{25C2}"
                    RenderText {#text} at (0,13) size 18x61
                      text run at (0,13) width 60: "summary"
                  RenderBlock {SLOT} at (18,0) size 0x120
          RenderTableRow {TR} at (0,224) size 612x124
            RenderTableCell {TH} at (77,271) size 29x30 [border: (1px inset #000000)] [r=4 c=1 rs=1 cs=1]
              RenderText {#text} at (6,53) size 17x18
                text run at (6,6) width 17: "rtl"
            RenderTableCell {TD} at (107,224) size 125x124 [border: (1px solid #000000)] [r=4 c=2 rs=1 cs=1]
              RenderBlock {DIV} at (2,2) size 120x120
                RenderBlock {DETAILS} at (0,0) size 120x18
                  RenderListItem {SUMMARY} at (0,0) size 120x18
                    RenderListMarker at (59,0) size 15x18: "\x{25C2}"
                    RenderText {#text} at (0,0) size 60x18
                      text run at (0,0) width 60: "summary"
                RenderBlock {DETAILS} at (0,18) size 120x18
                  RenderListItem {SUMMARY} at (0,0) size 120x18
                    RenderListMarker at (59,0) size 15x18: "\x{25BE}"
                    RenderText {#text} at (0,0) size 60x18
                      text run at (0,0) width 60: "summary"
                  RenderBlock {SLOT} at (0,18) size 120x0
            RenderTableCell {TD} at (233,224) size 125x124 [border: (1px solid #000000)] [r=4 c=3 rs=1 cs=1]
              RenderBlock {DIV} at (2,2) size 120x120
                RenderBlock {DETAILS} at (0,0) size 120x18
                  RenderListItem {SUMMARY} at (0,0) size 120x18
                    RenderListMarker at (59,0) size 15x18: "\x{25C2}"
                    RenderText {#text} at (0,0) size 60x18
                      text run at (0,0) width 60: "summary"
                RenderBlock {DETAILS} at (0,18) size 120x18
                  RenderListItem {SUMMARY} at (0,0) size 120x18
                    RenderListMarker at (59,0) size 14x18: "\x{25B4}"
                    RenderText {#text} at (0,0) size 60x18
                      text run at (0,0) width 60: "summary"
                  RenderBlock {SLOT} at (0,18) size 120x0
            RenderTableCell {TD} at (359,224) size 125x124 [border: (1px solid #000000)] [r=4 c=4 rs=1 cs=1]
              RenderBlock {DIV} at (2,2) size 120x120
                RenderBlock {DETAILS} at (0,0) size 18x120
                  RenderListItem {SUMMARY} at (0,0) size 18x120
                    RenderListMarker at (0,59) size 18x14: "\x{25B4}"
                    RenderText {#text} at (0,0) size 18x60
                      text run at (0,0) width 60: "summary"
                RenderBlock {DETAILS} at (18,0) size 18x120
                  RenderListItem {SUMMARY} at (0,0) size 18x120
                    RenderListMarker at (0,59) size 18x14: "\x{25B8}"
                    RenderText {#text} at (0,0) size 18x60
                      text run at (0,0) width 60: "summary"
                  RenderBlock {SLOT} at (18,0) size 0x120
            RenderTableCell {TD} at (485,224) size 125x124 [border: (1px solid #000000)] [r=4 c=5 rs=1 cs=1]
              RenderBlock {DIV} at (2,2) size 120x120
                RenderBlock {DETAILS} at (0,0) size 18x120
                  RenderListItem {SUMMARY} at (0,0) size 18x120
                    RenderListMarker at (0,59) size 18x14: "\x{25B4}"
                    RenderText {#text} at (0,0) size 18x60
                      text run at (0,0) width 60: "summary"
                RenderBlock {DETAILS} at (18,0) size 18x120
                  RenderListItem {SUMMARY} at (0,0) size 18x120
                    RenderListMarker at (0,59) size 18x15: "\x{25C2}"
                    RenderText {#text} at (0,0) size 18x60
                      text run at (0,0) width 60: "summary"
                  RenderBlock {SLOT} at (18,0) size 0x120
      RenderBlock (anonymous) at (0,722) size 769x18
        RenderBR {BR} at (0,0) size 0x18
      RenderTable {TABLE} at (0,740) size 614x352 [border: (1px outset #000000)]
        RenderTableSection {TBODY} at (1,1) size 612x350
          RenderTableRow {TR} at (0,2) size 612x30
            RenderTableCell {TH} at (2,2) size 608x30 [border: (1px inset #000000)] [r=0 c=0 rs=1 cs=6]
              RenderText {#text} at (245,6) size 118x18
                text run at (245,6) width 118: "text-align: center"
          RenderTableRow {TR} at (0,34) size 612x30
            RenderTableCell {TH} at (2,50) size 104x30 [border: (1px inset #000000)] [r=1 c=0 rs=2 cs=2]
              RenderText {#text} at (49,22) size 5x18
                text run at (49,6) width 5: " "
            RenderTableCell {TH} at (107,34) size 503x30 [border: (1px inset #000000)] [r=1 c=2 rs=1 cs=4]
              RenderText {#text} at (176,6) size 150x18
                text run at (176,6) width 150: "-webkit-writing-mode"
          RenderTableRow {TR} at (0,66) size 612x30
            RenderTableCell {TH} at (107,66) size 125x30 [border: (1px inset #000000)] [r=2 c=2 rs=1 cs=1]
              RenderText {#text} at (17,6) size 90x18
                text run at (17,6) width 90: "horizontal-tb"
            RenderTableCell {TH} at (233,66) size 125x30 [border: (1px inset #000000)] [r=2 c=3 rs=1 cs=1]
              RenderText {#text} at (17,6) size 90x18
                text run at (17,6) width 90: "horizontal-bt"
            RenderTableCell {TH} at (359,66) size 125x30 [border: (1px inset #000000)] [r=2 c=4 rs=1 cs=1]
              RenderText {#text} at (27,6) size 70x18
                text run at (27,6) width 70: "vertical-lr"
            RenderTableCell {TH} at (485,66) size 125x30 [border: (1px inset #000000)] [r=2 c=5 rs=1 cs=1]
              RenderText {#text} at (27,6) size 70x18
                text run at (27,6) width 70: "vertical-rl"
          RenderTableRow {TR} at (0,98) size 612x124
            RenderTableCell {TH} at (2,208) size 74x30 [border: (1px inset #000000)] [r=3 c=0 rs=4 cs=1]
              RenderText {#text} at (6,116) size 62x18
                text run at (6,6) width 62: "direction"
            RenderTableCell {TH} at (77,145) size 29x30 [border: (1px inset #000000)] [r=3 c=1 rs=1 cs=1]
              RenderText {#text} at (6,53) size 17x18
                text run at (6,6) width 17: "ltr"
            RenderTableCell {TD} at (107,98) size 125x124 [border: (1px solid #000000)] [r=3 c=2 rs=1 cs=1]
              RenderBlock {DIV} at (2,2) size 120x120
                RenderBlock {DETAILS} at (0,0) size 120x18
                  RenderListItem {SUMMARY} at (0,0) size 120x18
                    RenderListMarker at (23,0) size 14x18: "\x{25B8}"
                    RenderText {#text} at (36,0) size 61x18
                      text run at (36,0) width 61: "summary"
                RenderBlock {DETAILS} at (0,18) size 120x18
                  RenderListItem {SUMMARY} at (0,0) size 120x18
                    RenderListMarker at (23,0) size 15x18: "\x{25BE}"
                    RenderText {#text} at (37,0) size 60x18
                      text run at (37,0) width 60: "summary"
                  RenderBlock {SLOT} at (0,18) size 120x0
            RenderTableCell {TD} at (233,98) size 125x124 [border: (1px solid #000000)] [r=3 c=3 rs=1 cs=1]
              RenderBlock {DIV} at (2,2) size 120x120
                RenderBlock {DETAILS} at (0,0) size 120x18
                  RenderListItem {SUMMARY} at (0,0) size 120x18
                    RenderListMarker at (23,0) size 14x18: "\x{25B8}"
                    RenderText {#text} at (36,0) size 61x18
                      text run at (36,0) width 61: "summary"
                RenderBlock {DETAILS} at (0,18) size 120x18
                  RenderListItem {SUMMARY} at (0,0) size 120x18
                    RenderListMarker at (23,0) size 14x18: "\x{25B4}"
                    RenderText {#text} at (36,0) size 61x18
                      text run at (36,0) width 61: "summary"
                  RenderBlock {SLOT} at (0,18) size 120x0
            RenderTableCell {TD} at (359,98) size 125x124 [border: (1px solid #000000)] [r=3 c=4 rs=1 cs=1]
              RenderBlock {DIV} at (2,2) size 120x120
                RenderBlock {DETAILS} at (0,0) size 18x120
                  RenderListItem {SUMMARY} at (0,0) size 18x120
                    RenderListMarker at (0,23) size 18x15: "\x{25BE}"
                    RenderText {#text} at (0,37) size 18x60
                      text run at (0,37) width 60: "summary"
                RenderBlock {DETAILS} at (18,0) size 18x120
                  RenderListItem {SUMMARY} at (0,0) size 18x120
                    RenderListMarker at (0,23) size 18x14: "\x{25B8}"
                    RenderText {#text} at (0,36) size 18x61
                      text run at (0,36) width 60: "summary"
                  RenderBlock {SLOT} at (18,0) size 0x120
            RenderTableCell {TD} at (485,98) size 125x124 [border: (1px solid #000000)] [r=3 c=5 rs=1 cs=1]
              RenderBlock {DIV} at (2,2) size 120x120
                RenderBlock {DETAILS} at (0,0) size 18x120
                  RenderListItem {SUMMARY} at (0,0) size 18x120
                    RenderListMarker at (0,23) size 18x15: "\x{25BE}"
                    RenderText {#text} at (0,37) size 18x60
                      text run at (0,37) width 60: "summary"
                RenderBlock {DETAILS} at (18,0) size 18x120
                  RenderListItem {SUMMARY} at (0,0) size 18x120
                    RenderListMarker at (0,23) size 18x15: "\x{25C2}"
                    RenderText {#text} at (0,37) size 18x60
                      text run at (0,37) width 60: "summary"
                  RenderBlock {SLOT} at (18,0) size 0x120
          RenderTableRow {TR} at (0,224) size 612x124
            RenderTableCell {TH} at (77,271) size 29x30 [border: (1px inset #000000)] [r=4 c=1 rs=1 cs=1]
              RenderText {#text} at (6,53) size 17x18
                text run at (6,6) width 17: "rtl"
            RenderTableCell {TD} at (107,224) size 125x124 [border: (1px solid #000000)] [r=4 c=2 rs=1 cs=1]
              RenderBlock {DIV} at (2,2) size 120x120
                RenderBlock {DETAILS} at (0,0) size 120x18
                  RenderListItem {SUMMARY} at (0,0) size 120x18
                    RenderListMarker at (82,0) size 15x18: "\x{25C2}"
                    RenderText {#text} at (23,0) size 60x18
                      text run at (23,0) width 60: "summary"
                RenderBlock {DETAILS} at (0,18) size 120x18
                  RenderListItem {SUMMARY} at (0,0) size 120x18
                    RenderListMarker at (82,0) size 15x18: "\x{25BE}"
                    RenderText {#text} at (23,0) size 60x18
                      text run at (23,0) width 60: "summary"
                  RenderBlock {SLOT} at (0,18) size 120x0
            RenderTableCell {TD} at (233,224) size 125x124 [border: (1px solid #000000)] [r=4 c=3 rs=1 cs=1]
              RenderBlock {DIV} at (2,2) size 120x120
                RenderBlock {DETAILS} at (0,0) size 120x18
                  RenderListItem {SUMMARY} at (0,0) size 120x18
                    RenderListMarker at (82,0) size 15x18: "\x{25C2}"
                    RenderText {#text} at (23,0) size 60x18
                      text run at (23,0) width 60: "summary"
                RenderBlock {DETAILS} at (0,18) size 120x18
                  RenderListItem {SUMMARY} at (0,0) size 120x18
                    RenderListMarker at (83,0) size 14x18: "\x{25B4}"
                    RenderText {#text} at (23,0) size 61x18
                      text run at (23,0) width 61: "summary"
                  RenderBlock {SLOT} at (0,18) size 120x0
            RenderTableCell {TD} at (359,224) size 125x124 [border: (1px solid #000000)] [r=4 c=4 rs=1 cs=1]
              RenderBlock {DIV} at (2,2) size 120x120
                RenderBlock {DETAILS} at (0,0) size 18x120
                  RenderListItem {SUMMARY} at (0,0) size 18x120
                    RenderListMarker at (0,83) size 18x14: "\x{25B4}"
                    RenderText {#text} at (0,23) size 18x61
                      text run at (0,23) width 60: "summary"
                RenderBlock {DETAILS} at (18,0) size 18x120
                  RenderListItem {SUMMARY} at (0,0) size 18x120
                    RenderListMarker at (0,83) size 18x14: "\x{25B8}"
                    RenderText {#text} at (0,23) size 18x61
                      text run at (0,23) width 60: "summary"
                  RenderBlock {SLOT} at (18,0) size 0x120
            RenderTableCell {TD} at (485,224) size 125x124 [border: (1px solid #000000)] [r=4 c=5 rs=1 cs=1]
              RenderBlock {DIV} at (2,2) size 120x120
                RenderBlock {DETAILS} at (0,0) size 18x120
                  RenderListItem {SUMMARY} at (0,0) size 18x120
                    RenderListMarker at (0,83) size 18x14: "\x{25B4}"
                    RenderText {#text} at (0,23) size 18x61
                      text run at (0,23) width 60: "summary"
                RenderBlock {DETAILS} at (18,0) size 18x120
                  RenderListItem {SUMMARY} at (0,0) size 18x120
                    RenderListMarker at (0,82) size 18x15: "\x{25C2}"
                    RenderText {#text} at (0,23) size 18x60
                      text run at (0,23) width 60: "summary"
                  RenderBlock {SLOT} at (18,0) size 0x120
      RenderBlock (anonymous) at (0,1092) size 769x18
        RenderBR {BR} at (0,0) size 0x18
      RenderTable {TABLE} at (0,1110) size 614x352 [border: (1px outset #000000)]
        RenderTableSection {TBODY} at (1,1) size 612x350
          RenderTableRow {TR} at (0,2) size 612x30
            RenderTableCell {TH} at (2,2) size 608x30 [border: (1px inset #000000)] [r=0 c=0 rs=1 cs=6]
              RenderText {#text} at (249,6) size 109x18
                text run at (249,6) width 109: "text-align: right"
          RenderTableRow {TR} at (0,34) size 612x30
            RenderTableCell {TH} at (2,50) size 104x30 [border: (1px inset #000000)] [r=1 c=0 rs=2 cs=2]
              RenderText {#text} at (49,22) size 5x18
                text run at (49,6) width 5: " "
            RenderTableCell {TH} at (107,34) size 503x30 [border: (1px inset #000000)] [r=1 c=2 rs=1 cs=4]
              RenderText {#text} at (176,6) size 150x18
                text run at (176,6) width 150: "-webkit-writing-mode"
          RenderTableRow {TR} at (0,66) size 612x30
            RenderTableCell {TH} at (107,66) size 125x30 [border: (1px inset #000000)] [r=2 c=2 rs=1 cs=1]
              RenderText {#text} at (17,6) size 90x18
                text run at (17,6) width 90: "horizontal-tb"
            RenderTableCell {TH} at (233,66) size 125x30 [border: (1px inset #000000)] [r=2 c=3 rs=1 cs=1]
              RenderText {#text} at (17,6) size 90x18
                text run at (17,6) width 90: "horizontal-bt"
            RenderTableCell {TH} at (359,66) size 125x30 [border: (1px inset #000000)] [r=2 c=4 rs=1 cs=1]
              RenderText {#text} at (27,6) size 70x18
                text run at (27,6) width 70: "vertical-lr"
            RenderTableCell {TH} at (485,66) size 125x30 [border: (1px inset #000000)] [r=2 c=5 rs=1 cs=1]
              RenderText {#text} at (27,6) size 70x18
                text run at (27,6) width 70: "vertical-rl"
          RenderTableRow {TR} at (0,98) size 612x124
            RenderTableCell {TH} at (2,208) size 74x30 [border: (1px inset #000000)] [r=3 c=0 rs=4 cs=1]
              RenderText {#text} at (6,116) size 62x18
                text run at (6,6) width 62: "direction"
            RenderTableCell {TH} at (77,145) size 29x30 [border: (1px inset #000000)] [r=3 c=1 rs=1 cs=1]
              RenderText {#text} at (6,53) size 17x18
                text run at (6,6) width 17: "ltr"
            RenderTableCell {TD} at (107,98) size 125x124 [border: (1px solid #000000)] [r=3 c=2 rs=1 cs=1]
              RenderBlock {DIV} at (2,2) size 120x120
                RenderBlock {DETAILS} at (0,0) size 120x18
                  RenderListItem {SUMMARY} at (0,0) size 120x18
                    RenderListMarker at (47,0) size 14x18: "\x{25B8}"
                    RenderText {#text} at (60,0) size 60x18
                      text run at (60,0) width 60: "summary"
                RenderBlock {DETAILS} at (0,18) size 120x18
                  RenderListItem {SUMMARY} at (0,0) size 120x18
                    RenderListMarker at (46,0) size 15x18: "\x{25BE}"
                    RenderText {#text} at (60,0) size 60x18
                      text run at (60,0) width 60: "summary"
                  RenderBlock {SLOT} at (0,18) size 120x0
            RenderTableCell {TD} at (233,98) size 125x124 [border: (1px solid #000000)] [r=3 c=3 rs=1 cs=1]
              RenderBlock {DIV} at (2,2) size 120x120
                RenderBlock {DETAILS} at (0,0) size 120x18
                  RenderListItem {SUMMARY} at (0,0) size 120x18
                    RenderListMarker at (47,0) size 14x18: "\x{25B8}"
                    RenderText {#text} at (60,0) size 60x18
                      text run at (60,0) width 60: "summary"
                RenderBlock {DETAILS} at (0,18) size 120x18
                  RenderListItem {SUMMARY} at (0,0) size 120x18
                    RenderListMarker at (47,0) size 14x18: "\x{25B4}"
                    RenderText {#text} at (60,0) size 60x18
                      text run at (60,0) width 60: "summary"
                  RenderBlock {SLOT} at (0,18) size 120x0
            RenderTableCell {TD} at (359,98) size 125x124 [border: (1px solid #000000)] [r=3 c=4 rs=1 cs=1]
              RenderBlock {DIV} at (2,2) size 120x120
                RenderBlock {DETAILS} at (0,0) size 18x120
                  RenderListItem {SUMMARY} at (0,0) size 18x120
                    RenderListMarker at (0,46) size 18x15: "\x{25BE}"
                    RenderText {#text} at (0,60) size 18x60
                      text run at (0,60) width 60: "summary"
                RenderBlock {DETAILS} at (18,0) size 18x120
                  RenderListItem {SUMMARY} at (0,0) size 18x120
                    RenderListMarker at (0,47) size 18x14: "\x{25B8}"
                    RenderText {#text} at (0,60) size 18x60
                      text run at (0,60) width 60: "summary"
                  RenderBlock {SLOT} at (18,0) size 0x120
            RenderTableCell {TD} at (485,98) size 125x124 [border: (1px solid #000000)] [r=3 c=5 rs=1 cs=1]
              RenderBlock {DIV} at (2,2) size 120x120
                RenderBlock {DETAILS} at (0,0) size 18x120
                  RenderListItem {SUMMARY} at (0,0) size 18x120
                    RenderListMarker at (0,46) size 18x15: "\x{25BE}"
                    RenderText {#text} at (0,60) size 18x60
                      text run at (0,60) width 60: "summary"
                RenderBlock {DETAILS} at (18,0) size 18x120
                  RenderListItem {SUMMARY} at (0,0) size 18x120
                    RenderListMarker at (0,46) size 18x15: "\x{25C2}"
                    RenderText {#text} at (0,60) size 18x60
                      text run at (0,60) width 60: "summary"
                  RenderBlock {SLOT} at (18,0) size 0x120
          RenderTableRow {TR} at (0,224) size 612x124
            RenderTableCell {TH} at (77,271) size 29x30 [border: (1px inset #000000)] [r=4 c=1 rs=1 cs=1]
              RenderText {#text} at (6,53) size 17x18
                text run at (6,6) width 17: "rtl"
            RenderTableCell {TD} at (107,224) size 125x124 [border: (1px solid #000000)] [r=4 c=2 rs=1 cs=1]
              RenderBlock {DIV} at (2,2) size 120x120
                RenderBlock {DETAILS} at (0,0) size 120x18
                  RenderListItem {SUMMARY} at (0,0) size 120x18
                    RenderListMarker at (106,0) size 14x18: "\x{25C2}"
                    RenderText {#text} at (46,0) size 61x18
                      text run at (46,0) width 61: "summary"
                RenderBlock {DETAILS} at (0,18) size 120x18
                  RenderListItem {SUMMARY} at (0,0) size 120x18
                    RenderListMarker at (105,0) size 15x18: "\x{25BE}"
                    RenderText {#text} at (46,0) size 60x18
                      text run at (46,0) width 60: "summary"
                  RenderBlock {SLOT} at (0,18) size 120x0
            RenderTableCell {TD} at (233,224) size 125x124 [border: (1px solid #000000)] [r=4 c=3 rs=1 cs=1]
              RenderBlock {DIV} at (2,2) size 120x120
                RenderBlock {DETAILS} at (0,0) size 120x18
                  RenderListItem {SUMMARY} at (0,0) size 120x18
                    RenderListMarker at (106,0) size 14x18: "\x{25C2}"
                    RenderText {#text} at (46,0) size 61x18
                      text run at (46,0) width 61: "summary"
                RenderBlock {DETAILS} at (0,18) size 120x18
                  RenderListItem {SUMMARY} at (0,0) size 120x18
                    RenderListMarker at (107,0) size 13x18: "\x{25B4}"
                    RenderText {#text} at (47,0) size 61x18
                      text run at (47,0) width 61: "summary"
                  RenderBlock {SLOT} at (0,18) size 120x0
            RenderTableCell {TD} at (359,224) size 125x124 [border: (1px solid #000000)] [r=4 c=4 rs=1 cs=1]
              RenderBlock {DIV} at (2,2) size 120x120
                RenderBlock {DETAILS} at (0,0) size 18x120
                  RenderListItem {SUMMARY} at (0,0) size 18x120
                    RenderListMarker at (0,107) size 18x13: "\x{25B4}"
                    RenderText {#text} at (0,47) size 18x61
                      text run at (0,47) width 60: "summary"
                RenderBlock {DETAILS} at (18,0) size 18x120
                  RenderListItem {SUMMARY} at (0,0) size 18x120
                    RenderListMarker at (0,107) size 18x13: "\x{25B8}"
                    RenderText {#text} at (0,47) size 18x61
                      text run at (0,47) width 60: "summary"
                  RenderBlock {SLOT} at (18,0) size 0x120
            RenderTableCell {TD} at (485,224) size 125x124 [border: (1px solid #000000)] [r=4 c=5 rs=1 cs=1]
              RenderBlock {DIV} at (2,2) size 120x120
                RenderBlock {DETAILS} at (0,0) size 18x120
                  RenderListItem {SUMMARY} at (0,0) size 18x120
                    RenderListMarker at (0,107) size 18x13: "\x{25B4}"
                    RenderText {#text} at (0,47) size 18x61
                      text run at (0,47) width 60: "summary"
                RenderBlock {DETAILS} at (18,0) size 18x120
                  RenderListItem {SUMMARY} at (0,0) size 18x120
                    RenderListMarker at (0,106) size 18x14: "\x{25C2}"
                    RenderText {#text} at (0,46) size 18x61
                      text run at (0,46) width 60: "summary"
                  RenderBlock {SLOT} at (18,0) size 0x120
