layer at (0,0) size 800x600
  RenderView at (0,0) size 800x600
layer at (0,0) size 800x600
  RenderBlock {HTML} at (0,0) size 800x600
    RenderBody {BODY} at (0,0) size 800x600
      RenderBlock {DETAILS} at (0,0) size 800x18
        RenderListItem {SUMMARY} at (0,0) size 800x18
          RenderListMarker at (0,0) size 13x18: "\x{25B8}"
          RenderText {#text} at (12,0) size 40x18
            text run at (12,0) width 40: "new 1"
caret: position 0 of child 0 {#text} of child 1 {SUMMARY} of child 1 {DETAILS} of body
