layer at (0,0) size 800x600
  RenderView at (0,0) size 800x600
layer at (0,0) size 800x600
  RenderBlock {HTML} at (0,0) size 800x600
    RenderBody {BODY} at (0,0) size 800x600
      RenderBlock {DETAILS} at (0,0) size 800x18
        RenderListItem {SUMMARY} at (0,0) size 800x18
          RenderListMarker at (0,0) size 15x18: "\x{25BE}"
          RenderText {#text} at (14,0) size 72x18
            text run at (14,0) width 72: "summary 1"
        RenderBlock {SLOT} at (0,18) size 800x0
caret: position 0 of child 0 {#text} of child 1 {SUMMARY} of child 1 {DETAILS} of body
