layer at (0,0) size 785x1478
  RenderView at (0,0) size 785x600
layer at (0,0) size 785x1478
  RenderBlock {HTML} at (0,0) size 785x1478
    RenderBody {BODY} at (8,8) size 769x1462
      RenderTable {TABLE} at (0,0) size 612x352 [border: (1px outset #808080)]
        RenderTableSection {TBODY} at (1,1) size 610x350
          RenderTableRow {TR} at (0,2) size 610x30
            RenderTableCell {TH} at (2,2) size 606x30 [border: (1px inset #808080)] [r=0 c=0 rs=1 cs=6]
              RenderText {#text} at (227,6) size 152x17
                text run at (227,6) width 152: "text-align not specified"
          RenderTableRow {TR} at (0,34) size 610x30
            RenderTableCell {TH} at (2,50) size 102x30 [border: (1px inset #808080)] [r=1 c=0 rs=2 cs=2]
              RenderText {#text} at (48,22) size 5x17
                text run at (48,6) width 5: " "
            RenderTableCell {TH} at (105,34) size 503x30 [border: (1px inset #808080)] [r=1 c=2 rs=1 cs=4]
              RenderText {#text} at (177,6) size 148x17
                text run at (177,6) width 148: "-webkit-writing-mode"
          RenderTableRow {TR} at (0,66) size 610x30
            RenderTableCell {TH} at (105,66) size 125x30 [border: (1px inset #808080)] [r=2 c=2 rs=1 cs=1]
              RenderText {#text} at (18,6) size 88x17
                text run at (18,6) width 88: "horizontal-tb"
            RenderTableCell {TH} at (231,66) size 125x30 [border: (1px inset #808080)] [r=2 c=3 rs=1 cs=1]
              RenderText {#text} at (18,6) size 88x17
                text run at (18,6) width 88: "horizontal-bt"
            RenderTableCell {TH} at (357,66) size 125x30 [border: (1px inset #808080)] [r=2 c=4 rs=1 cs=1]
              RenderText {#text} at (29,6) size 66x17
                text run at (29,6) width 66: "vertical-lr"
            RenderTableCell {TH} at (483,66) size 125x30 [border: (1px inset #808080)] [r=2 c=5 rs=1 cs=1]
              RenderText {#text} at (29,6) size 66x17
                text run at (29,6) width 66: "vertical-rl"
          RenderTableRow {TR} at (0,98) size 610x124
            RenderTableCell {TH} at (2,208) size 72x30 [border: (1px inset #808080)] [r=3 c=0 rs=4 cs=1]
              RenderText {#text} at (6,116) size 60x17
                text run at (6,6) width 60: "direction"
            RenderTableCell {TH} at (75,145) size 29x30 [border: (1px inset #808080)] [r=3 c=1 rs=1 cs=1]
              RenderText {#text} at (6,53) size 16x17
                text run at (6,6) width 16: "ltr"
            RenderTableCell {TD} at (105,98) size 125x124 [border: (1px solid #000000)] [r=3 c=2 rs=1 cs=1]
              RenderBlock {DIV} at (2,2) size 120x120
                RenderBlock {DETAILS} at (0,0) size 120x18
                  RenderListItem {SUMMARY} at (0,0) size 120x18
                    RenderListMarker at (0,0) size 12x17: "\x{25B8}"
                    RenderText {#text} at (12,0) size 58x17
                      text run at (12,0) width 58: "summary"
                RenderBlock {DETAILS} at (0,18) size 120x18
                  RenderListItem {SUMMARY} at (0,0) size 120x18
                    RenderListMarker at (0,0) size 12x17: "\x{25BE}"
                    RenderText {#text} at (12,0) size 58x17
                      text run at (12,0) width 58: "summary"
                  RenderBlock {SLOT} at (0,18) size 120x0
            RenderTableCell {TD} at (231,98) size 125x124 [border: (1px solid #000000)] [r=3 c=3 rs=1 cs=1]
              RenderBlock {DIV} at (2,2) size 120x120
                RenderBlock {DETAILS} at (0,0) size 120x18
                  RenderListItem {SUMMARY} at (0,0) size 120x18
                    RenderListMarker at (0,1) size 12x17: "\x{25B8}"
                    RenderText {#text} at (12,1) size 58x17
                      text run at (12,1) width 58: "summary"
                RenderBlock {DETAILS} at (0,18) size 120x18
                  RenderListItem {SUMMARY} at (0,0) size 120x18
                    RenderListMarker at (0,1) size 12x17: "\x{25B4}"
                    RenderText {#text} at (12,1) size 58x17
                      text run at (12,1) width 58: "summary"
                  RenderBlock {SLOT} at (0,18) size 120x0
            RenderTableCell {TD} at (357,98) size 125x124 [border: (1px solid #000000)] [r=3 c=4 rs=1 cs=1]
              RenderBlock {DIV} at (2,2) size 120x120
                RenderBlock {DETAILS} at (0,0) size 18x120
                  RenderListItem {SUMMARY} at (0,0) size 18x120
                    RenderListMarker at (1,0) size 17x12: "\x{25BE}"
                    RenderText {#text} at (1,12) size 17x58
                      text run at (1,12) width 58: "summary"
                RenderBlock {DETAILS} at (18,0) size 18x120
                  RenderListItem {SUMMARY} at (0,0) size 18x120
                    RenderListMarker at (1,0) size 17x12: "\x{25B8}"
                    RenderText {#text} at (1,12) size 17x58
                      text run at (1,12) width 58: "summary"
                  RenderBlock {SLOT} at (18,0) size 0x120
            RenderTableCell {TD} at (483,98) size 125x124 [border: (1px solid #000000)] [r=3 c=5 rs=1 cs=1]
              RenderBlock {DIV} at (2,2) size 120x120
                RenderBlock {DETAILS} at (0,0) size 18x120
                  RenderListItem {SUMMARY} at (0,0) size 18x120
                    RenderListMarker at (0,0) size 17x12: "\x{25BE}"
                    RenderText {#text} at (0,12) size 17x58
                      text run at (0,12) width 58: "summary"
                RenderBlock {DETAILS} at (18,0) size 18x120
                  RenderListItem {SUMMARY} at (0,0) size 18x120
                    RenderListMarker at (0,0) size 17x12: "\x{25C2}"
                    RenderText {#text} at (0,12) size 17x58
                      text run at (0,12) width 58: "summary"
                  RenderBlock {SLOT} at (18,0) size 0x120
          RenderTableRow {TR} at (0,224) size 610x124
            RenderTableCell {TH} at (75,271) size 29x30 [border: (1px inset #808080)] [r=4 c=1 rs=1 cs=1]
              RenderText {#text} at (6,53) size 16x17
                text run at (6,6) width 16: "rtl"
            RenderTableCell {TD} at (105,224) size 125x124 [border: (1px solid #000000)] [r=4 c=2 rs=1 cs=1]
              RenderBlock {DIV} at (2,2) size 120x120
                RenderBlock {DETAILS} at (0,0) size 120x18
                  RenderListItem {SUMMARY} at (0,0) size 120x18
                    RenderListMarker at (108,0) size 12x17: "\x{25C2}"
                    RenderText {#text} at (50,0) size 58x17
                      text run at (50,0) width 58: "summary"
                RenderBlock {DETAILS} at (0,18) size 120x18
                  RenderListItem {SUMMARY} at (0,0) size 120x18
                    RenderListMarker at (108,0) size 12x17: "\x{25BE}"
                    RenderText {#text} at (50,0) size 58x17
                      text run at (50,0) width 58: "summary"
                  RenderBlock {SLOT} at (0,18) size 120x0
            RenderTableCell {TD} at (231,224) size 125x124 [border: (1px solid #000000)] [r=4 c=3 rs=1 cs=1]
              RenderBlock {DIV} at (2,2) size 120x120
                RenderBlock {DETAILS} at (0,0) size 120x18
                  RenderListItem {SUMMARY} at (0,0) size 120x18
                    RenderListMarker at (108,1) size 12x17: "\x{25C2}"
                    RenderText {#text} at (50,1) size 58x17
                      text run at (50,1) width 58: "summary"
                RenderBlock {DETAILS} at (0,18) size 120x18
                  RenderListItem {SUMMARY} at (0,0) size 120x18
                    RenderListMarker at (108,1) size 12x17: "\x{25B4}"
                    RenderText {#text} at (50,1) size 58x17
                      text run at (50,1) width 58: "summary"
                  RenderBlock {SLOT} at (0,18) size 120x0
            RenderTableCell {TD} at (357,224) size 125x124 [border: (1px solid #000000)] [r=4 c=4 rs=1 cs=1]
              RenderBlock {DIV} at (2,2) size 120x120
                RenderBlock {DETAILS} at (0,0) size 18x120
                  RenderListItem {SUMMARY} at (0,0) size 18x120
                    RenderListMarker at (1,108) size 17x12: "\x{25B4}"
                    RenderText {#text} at (1,50) size 17x58
                      text run at (1,50) width 58: "summary"
                RenderBlock {DETAILS} at (18,0) size 18x120
                  RenderListItem {SUMMARY} at (0,0) size 18x120
                    RenderListMarker at (1,108) size 17x12: "\x{25B8}"
                    RenderText {#text} at (1,50) size 17x58
                      text run at (1,50) width 58: "summary"
                  RenderBlock {SLOT} at (18,0) size 0x120
            RenderTableCell {TD} at (483,224) size 125x124 [border: (1px solid #000000)] [r=4 c=5 rs=1 cs=1]
              RenderBlock {DIV} at (2,2) size 120x120
                RenderBlock {DETAILS} at (0,0) size 18x120
                  RenderListItem {SUMMARY} at (0,0) size 18x120
                    RenderListMarker at (0,108) size 17x12: "\x{25B4}"
                    RenderText {#text} at (0,50) size 17x58
                      text run at (0,50) width 58: "summary"
                RenderBlock {DETAILS} at (18,0) size 18x120
                  RenderListItem {SUMMARY} at (0,0) size 18x120
                    RenderListMarker at (0,108) size 17x12: "\x{25C2}"
                    RenderText {#text} at (0,50) size 17x58
                      text run at (0,50) width 58: "summary"
                  RenderBlock {SLOT} at (18,0) size 0x120
      RenderBlock (anonymous) at (0,352) size 769x18
        RenderBR {BR} at (0,0) size 0x17
      RenderTable {TABLE} at (0,370) size 612x352 [border: (1px outset #808080)]
        RenderTableSection {TBODY} at (1,1) size 610x350
          RenderTableRow {TR} at (0,2) size 610x30
            RenderTableCell {TH} at (2,2) size 606x30 [border: (1px inset #808080)] [r=0 c=0 rs=1 cs=6]
              RenderText {#text} at (256,6) size 94x17
                text run at (256,6) width 94: "text-align: left"
          RenderTableRow {TR} at (0,34) size 610x30
            RenderTableCell {TH} at (2,50) size 102x30 [border: (1px inset #808080)] [r=1 c=0 rs=2 cs=2]
              RenderText {#text} at (48,22) size 5x17
                text run at (48,6) width 5: " "
            RenderTableCell {TH} at (105,34) size 503x30 [border: (1px inset #808080)] [r=1 c=2 rs=1 cs=4]
              RenderText {#text} at (177,6) size 148x17
                text run at (177,6) width 148: "-webkit-writing-mode"
          RenderTableRow {TR} at (0,66) size 610x30
            RenderTableCell {TH} at (105,66) size 125x30 [border: (1px inset #808080)] [r=2 c=2 rs=1 cs=1]
              RenderText {#text} at (18,6) size 88x17
                text run at (18,6) width 88: "horizontal-tb"
            RenderTableCell {TH} at (231,66) size 125x30 [border: (1px inset #808080)] [r=2 c=3 rs=1 cs=1]
              RenderText {#text} at (18,6) size 88x17
                text run at (18,6) width 88: "horizontal-bt"
            RenderTableCell {TH} at (357,66) size 125x30 [border: (1px inset #808080)] [r=2 c=4 rs=1 cs=1]
              RenderText {#text} at (29,6) size 66x17
                text run at (29,6) width 66: "vertical-lr"
            RenderTableCell {TH} at (483,66) size 125x30 [border: (1px inset #808080)] [r=2 c=5 rs=1 cs=1]
              RenderText {#text} at (29,6) size 66x17
                text run at (29,6) width 66: "vertical-rl"
          RenderTableRow {TR} at (0,98) size 610x124
            RenderTableCell {TH} at (2,208) size 72x30 [border: (1px inset #808080)] [r=3 c=0 rs=4 cs=1]
              RenderText {#text} at (6,116) size 60x17
                text run at (6,6) width 60: "direction"
            RenderTableCell {TH} at (75,145) size 29x30 [border: (1px inset #808080)] [r=3 c=1 rs=1 cs=1]
              RenderText {#text} at (6,53) size 16x17
                text run at (6,6) width 16: "ltr"
            RenderTableCell {TD} at (105,98) size 125x124 [border: (1px solid #000000)] [r=3 c=2 rs=1 cs=1]
              RenderBlock {DIV} at (2,2) size 120x120
                RenderBlock {DETAILS} at (0,0) size 120x18
                  RenderListItem {SUMMARY} at (0,0) size 120x18
                    RenderListMarker at (0,0) size 12x17: "\x{25B8}"
                    RenderText {#text} at (12,0) size 58x17
                      text run at (12,0) width 58: "summary"
                RenderBlock {DETAILS} at (0,18) size 120x18
                  RenderListItem {SUMMARY} at (0,0) size 120x18
                    RenderListMarker at (0,0) size 12x17: "\x{25BE}"
                    RenderText {#text} at (12,0) size 58x17
                      text run at (12,0) width 58: "summary"
                  RenderBlock {SLOT} at (0,18) size 120x0
            RenderTableCell {TD} at (231,98) size 125x124 [border: (1px solid #000000)] [r=3 c=3 rs=1 cs=1]
              RenderBlock {DIV} at (2,2) size 120x120
                RenderBlock {DETAILS} at (0,0) size 120x18
                  RenderListItem {SUMMARY} at (0,0) size 120x18
                    RenderListMarker at (0,1) size 12x17: "\x{25B8}"
                    RenderText {#text} at (12,1) size 58x17
                      text run at (12,1) width 58: "summary"
                RenderBlock {DETAILS} at (0,18) size 120x18
                  RenderListItem {SUMMARY} at (0,0) size 120x18
                    RenderListMarker at (0,1) size 12x17: "\x{25B4}"
                    RenderText {#text} at (12,1) size 58x17
                      text run at (12,1) width 58: "summary"
                  RenderBlock {SLOT} at (0,18) size 120x0
            RenderTableCell {TD} at (357,98) size 125x124 [border: (1px solid #000000)] [r=3 c=4 rs=1 cs=1]
              RenderBlock {DIV} at (2,2) size 120x120
                RenderBlock {DETAILS} at (0,0) size 18x120
                  RenderListItem {SUMMARY} at (0,0) size 18x120
                    RenderListMarker at (1,0) size 17x12: "\x{25BE}"
                    RenderText {#text} at (1,12) size 17x58
                      text run at (1,12) width 58: "summary"
                RenderBlock {DETAILS} at (18,0) size 18x120
                  RenderListItem {SUMMARY} at (0,0) size 18x120
                    RenderListMarker at (1,0) size 17x12: "\x{25B8}"
                    RenderText {#text} at (1,12) size 17x58
                      text run at (1,12) width 58: "summary"
                  RenderBlock {SLOT} at (18,0) size 0x120
            RenderTableCell {TD} at (483,98) size 125x124 [border: (1px solid #000000)] [r=3 c=5 rs=1 cs=1]
              RenderBlock {DIV} at (2,2) size 120x120
                RenderBlock {DETAILS} at (0,0) size 18x120
                  RenderListItem {SUMMARY} at (0,0) size 18x120
                    RenderListMarker at (0,0) size 17x12: "\x{25BE}"
                    RenderText {#text} at (0,12) size 17x58
                      text run at (0,12) width 58: "summary"
                RenderBlock {DETAILS} at (18,0) size 18x120
                  RenderListItem {SUMMARY} at (0,0) size 18x120
                    RenderListMarker at (0,0) size 17x12: "\x{25C2}"
                    RenderText {#text} at (0,12) size 17x58
                      text run at (0,12) width 58: "summary"
                  RenderBlock {SLOT} at (18,0) size 0x120
          RenderTableRow {TR} at (0,224) size 610x124
            RenderTableCell {TH} at (75,271) size 29x30 [border: (1px inset #808080)] [r=4 c=1 rs=1 cs=1]
              RenderText {#text} at (6,53) size 16x17
                text run at (6,6) width 16: "rtl"
            RenderTableCell {TD} at (105,224) size 125x124 [border: (1px solid #000000)] [r=4 c=2 rs=1 cs=1]
              RenderBlock {DIV} at (2,2) size 120x120
                RenderBlock {DETAILS} at (0,0) size 120x18
                  RenderListItem {SUMMARY} at (0,0) size 120x18
                    RenderListMarker at (58,0) size 12x17: "\x{25C2}"
                    RenderText {#text} at (0,0) size 58x17
                      text run at (0,0) width 58: "summary"
                RenderBlock {DETAILS} at (0,18) size 120x18
                  RenderListItem {SUMMARY} at (0,0) size 120x18
                    RenderListMarker at (58,0) size 12x17: "\x{25BE}"
                    RenderText {#text} at (0,0) size 58x17
                      text run at (0,0) width 58: "summary"
                  RenderBlock {SLOT} at (0,18) size 120x0
            RenderTableCell {TD} at (231,224) size 125x124 [border: (1px solid #000000)] [r=4 c=3 rs=1 cs=1]
              RenderBlock {DIV} at (2,2) size 120x120
                RenderBlock {DETAILS} at (0,0) size 120x18
                  RenderListItem {SUMMARY} at (0,0) size 120x18
                    RenderListMarker at (58,1) size 12x17: "\x{25C2}"
                    RenderText {#text} at (0,1) size 58x17
                      text run at (0,1) width 58: "summary"
                RenderBlock {DETAILS} at (0,18) size 120x18
                  RenderListItem {SUMMARY} at (0,0) size 120x18
                    RenderListMarker at (58,1) size 12x17: "\x{25B4}"
                    RenderText {#text} at (0,1) size 58x17
                      text run at (0,1) width 58: "summary"
                  RenderBlock {SLOT} at (0,18) size 120x0
            RenderTableCell {TD} at (357,224) size 125x124 [border: (1px solid #000000)] [r=4 c=4 rs=1 cs=1]
              RenderBlock {DIV} at (2,2) size 120x120
                RenderBlock {DETAILS} at (0,0) size 18x120
                  RenderListItem {SUMMARY} at (0,0) size 18x120
                    RenderListMarker at (1,58) size 17x12: "\x{25B4}"
                    RenderText {#text} at (1,0) size 17x58
                      text run at (1,0) width 58: "summary"
                RenderBlock {DETAILS} at (18,0) size 18x120
                  RenderListItem {SUMMARY} at (0,0) size 18x120
                    RenderListMarker at (1,58) size 17x12: "\x{25B8}"
                    RenderText {#text} at (1,0) size 17x58
                      text run at (1,0) width 58: "summary"
                  RenderBlock {SLOT} at (18,0) size 0x120
            RenderTableCell {TD} at (483,224) size 125x124 [border: (1px solid #000000)] [r=4 c=5 rs=1 cs=1]
              RenderBlock {DIV} at (2,2) size 120x120
                RenderBlock {DETAILS} at (0,0) size 18x120
                  RenderListItem {SUMMARY} at (0,0) size 18x120
                    RenderListMarker at (0,58) size 17x12: "\x{25B4}"
                    RenderText {#text} at (0,0) size 17x58
                      text run at (0,0) width 58: "summary"
                RenderBlock {DETAILS} at (18,0) size 18x120
                  RenderListItem {SUMMARY} at (0,0) size 18x120
                    RenderListMarker at (0,58) size 17x12: "\x{25C2}"
                    RenderText {#text} at (0,0) size 17x58
                      text run at (0,0) width 58: "summary"
                  RenderBlock {SLOT} at (18,0) size 0x120
      RenderBlock (anonymous) at (0,722) size 769x18
        RenderBR {BR} at (0,0) size 0x17
      RenderTable {TABLE} at (0,740) size 612x352 [border: (1px outset #808080)]
        RenderTableSection {TBODY} at (1,1) size 610x350
          RenderTableRow {TR} at (0,2) size 610x30
            RenderTableCell {TH} at (2,2) size 606x30 [border: (1px inset #808080)] [r=0 c=0 rs=1 cs=6]
              RenderText {#text} at (245,6) size 115x17
                text run at (245,6) width 115: "text-align: center"
          RenderTableRow {TR} at (0,34) size 610x30
            RenderTableCell {TH} at (2,50) size 102x30 [border: (1px inset #808080)] [r=1 c=0 rs=2 cs=2]
              RenderText {#text} at (48,22) size 5x17
                text run at (48,6) width 5: " "
            RenderTableCell {TH} at (105,34) size 503x30 [border: (1px inset #808080)] [r=1 c=2 rs=1 cs=4]
              RenderText {#text} at (177,6) size 148x17
                text run at (177,6) width 148: "-webkit-writing-mode"
          RenderTableRow {TR} at (0,66) size 610x30
            RenderTableCell {TH} at (105,66) size 125x30 [border: (1px inset #808080)] [r=2 c=2 rs=1 cs=1]
              RenderText {#text} at (18,6) size 88x17
                text run at (18,6) width 88: "horizontal-tb"
            RenderTableCell {TH} at (231,66) size 125x30 [border: (1px inset #808080)] [r=2 c=3 rs=1 cs=1]
              RenderText {#text} at (18,6) size 88x17
                text run at (18,6) width 88: "horizontal-bt"
            RenderTableCell {TH} at (357,66) size 125x30 [border: (1px inset #808080)] [r=2 c=4 rs=1 cs=1]
              RenderText {#text} at (29,6) size 66x17
                text run at (29,6) width 66: "vertical-lr"
            RenderTableCell {TH} at (483,66) size 125x30 [border: (1px inset #808080)] [r=2 c=5 rs=1 cs=1]
              RenderText {#text} at (29,6) size 66x17
                text run at (29,6) width 66: "vertical-rl"
          RenderTableRow {TR} at (0,98) size 610x124
            RenderTableCell {TH} at (2,208) size 72x30 [border: (1px inset #808080)] [r=3 c=0 rs=4 cs=1]
              RenderText {#text} at (6,116) size 60x17
                text run at (6,6) width 60: "direction"
            RenderTableCell {TH} at (75,145) size 29x30 [border: (1px inset #808080)] [r=3 c=1 rs=1 cs=1]
              RenderText {#text} at (6,53) size 16x17
                text run at (6,6) width 16: "ltr"
            RenderTableCell {TD} at (105,98) size 125x124 [border: (1px solid #000000)] [r=3 c=2 rs=1 cs=1]
              RenderBlock {DIV} at (2,2) size 120x120
                RenderBlock {DETAILS} at (0,0) size 120x18
                  RenderListItem {SUMMARY} at (0,0) size 120x18
                    RenderListMarker at (25,0) size 12x17: "\x{25B8}"
                    RenderText {#text} at (37,0) size 58x17
                      text run at (37,0) width 58: "summary"
                RenderBlock {DETAILS} at (0,18) size 120x18
                  RenderListItem {SUMMARY} at (0,0) size 120x18
                    RenderListMarker at (25,0) size 12x17: "\x{25BE}"
                    RenderText {#text} at (37,0) size 58x17
                      text run at (37,0) width 58: "summary"
                  RenderBlock {SLOT} at (0,18) size 120x0
            RenderTableCell {TD} at (231,98) size 125x124 [border: (1px solid #000000)] [r=3 c=3 rs=1 cs=1]
              RenderBlock {DIV} at (2,2) size 120x120
                RenderBlock {DETAILS} at (0,0) size 120x18
                  RenderListItem {SUMMARY} at (0,0) size 120x18
                    RenderListMarker at (25,1) size 12x17: "\x{25B8}"
                    RenderText {#text} at (37,1) size 58x17
                      text run at (37,1) width 58: "summary"
                RenderBlock {DETAILS} at (0,18) size 120x18
                  RenderListItem {SUMMARY} at (0,0) size 120x18
                    RenderListMarker at (25,1) size 12x17: "\x{25B4}"
                    RenderText {#text} at (37,1) size 58x17
                      text run at (37,1) width 58: "summary"
                  RenderBlock {SLOT} at (0,18) size 120x0
            RenderTableCell {TD} at (357,98) size 125x124 [border: (1px solid #000000)] [r=3 c=4 rs=1 cs=1]
              RenderBlock {DIV} at (2,2) size 120x120
                RenderBlock {DETAILS} at (0,0) size 18x120
                  RenderListItem {SUMMARY} at (0,0) size 18x120
                    RenderListMarker at (1,25) size 17x12: "\x{25BE}"
                    RenderText {#text} at (1,37) size 17x58
                      text run at (1,37) width 58: "summary"
                RenderBlock {DETAILS} at (18,0) size 18x120
                  RenderListItem {SUMMARY} at (0,0) size 18x120
                    RenderListMarker at (1,25) size 17x12: "\x{25B8}"
                    RenderText {#text} at (1,37) size 17x58
                      text run at (1,37) width 58: "summary"
                  RenderBlock {SLOT} at (18,0) size 0x120
            RenderTableCell {TD} at (483,98) size 125x124 [border: (1px solid #000000)] [r=3 c=5 rs=1 cs=1]
              RenderBlock {DIV} at (2,2) size 120x120
                RenderBlock {DETAILS} at (0,0) size 18x120
                  RenderListItem {SUMMARY} at (0,0) size 18x120
                    RenderListMarker at (0,25) size 17x12: "\x{25BE}"
                    RenderText {#text} at (0,37) size 17x58
                      text run at (0,37) width 58: "summary"
                RenderBlock {DETAILS} at (18,0) size 18x120
                  RenderListItem {SUMMARY} at (0,0) size 18x120
                    RenderListMarker at (0,25) size 17x12: "\x{25C2}"
                    RenderText {#text} at (0,37) size 17x58
                      text run at (0,37) width 58: "summary"
                  RenderBlock {SLOT} at (18,0) size 0x120
          RenderTableRow {TR} at (0,224) size 610x124
            RenderTableCell {TH} at (75,271) size 29x30 [border: (1px inset #808080)] [r=4 c=1 rs=1 cs=1]
              RenderText {#text} at (6,53) size 16x17
                text run at (6,6) width 16: "rtl"
            RenderTableCell {TD} at (105,224) size 125x124 [border: (1px solid #000000)] [r=4 c=2 rs=1 cs=1]
              RenderBlock {DIV} at (2,2) size 120x120
                RenderBlock {DETAILS} at (0,0) size 120x18
                  RenderListItem {SUMMARY} at (0,0) size 120x18
                    RenderListMarker at (83,0) size 12x17: "\x{25C2}"
                    RenderText {#text} at (25,0) size 58x17
                      text run at (25,0) width 58: "summary"
                RenderBlock {DETAILS} at (0,18) size 120x18
                  RenderListItem {SUMMARY} at (0,0) size 120x18
                    RenderListMarker at (83,0) size 12x17: "\x{25BE}"
                    RenderText {#text} at (25,0) size 58x17
                      text run at (25,0) width 58: "summary"
                  RenderBlock {SLOT} at (0,18) size 120x0
            RenderTableCell {TD} at (231,224) size 125x124 [border: (1px solid #000000)] [r=4 c=3 rs=1 cs=1]
              RenderBlock {DIV} at (2,2) size 120x120
                RenderBlock {DETAILS} at (0,0) size 120x18
                  RenderListItem {SUMMARY} at (0,0) size 120x18
                    RenderListMarker at (83,1) size 12x17: "\x{25C2}"
                    RenderText {#text} at (25,1) size 58x17
                      text run at (25,1) width 58: "summary"
                RenderBlock {DETAILS} at (0,18) size 120x18
                  RenderListItem {SUMMARY} at (0,0) size 120x18
                    RenderListMarker at (83,1) size 12x17: "\x{25B4}"
                    RenderText {#text} at (25,1) size 58x17
                      text run at (25,1) width 58: "summary"
                  RenderBlock {SLOT} at (0,18) size 120x0
            RenderTableCell {TD} at (357,224) size 125x124 [border: (1px solid #000000)] [r=4 c=4 rs=1 cs=1]
              RenderBlock {DIV} at (2,2) size 120x120
                RenderBlock {DETAILS} at (0,0) size 18x120
                  RenderListItem {SUMMARY} at (0,0) size 18x120
                    RenderListMarker at (1,83) size 17x12: "\x{25B4}"
                    RenderText {#text} at (1,25) size 17x58
                      text run at (1,25) width 58: "summary"
                RenderBlock {DETAILS} at (18,0) size 18x120
                  RenderListItem {SUMMARY} at (0,0) size 18x120
                    RenderListMarker at (1,83) size 17x12: "\x{25B8}"
                    RenderText {#text} at (1,25) size 17x58
                      text run at (1,25) width 58: "summary"
                  RenderBlock {SLOT} at (18,0) size 0x120
            RenderTableCell {TD} at (483,224) size 125x124 [border: (1px solid #000000)] [r=4 c=5 rs=1 cs=1]
              RenderBlock {DIV} at (2,2) size 120x120
                RenderBlock {DETAILS} at (0,0) size 18x120
                  RenderListItem {SUMMARY} at (0,0) size 18x120
                    RenderListMarker at (0,83) size 17x12: "\x{25B4}"
                    RenderText {#text} at (0,25) size 17x58
                      text run at (0,25) width 58: "summary"
                RenderBlock {DETAILS} at (18,0) size 18x120
                  RenderListItem {SUMMARY} at (0,0) size 18x120
                    RenderListMarker at (0,83) size 17x12: "\x{25C2}"
                    RenderText {#text} at (0,25) size 17x58
                      text run at (0,25) width 58: "summary"
                  RenderBlock {SLOT} at (18,0) size 0x120
      RenderBlock (anonymous) at (0,1092) size 769x18
        RenderBR {BR} at (0,0) size 0x17
      RenderTable {TABLE} at (0,1110) size 612x352 [border: (1px outset #808080)]
        RenderTableSection {TBODY} at (1,1) size 610x350
          RenderTableRow {TR} at (0,2) size 610x30
            RenderTableCell {TH} at (2,2) size 606x30 [border: (1px inset #808080)] [r=0 c=0 rs=1 cs=6]
              RenderText {#text} at (250,6) size 106x17
                text run at (250,6) width 106: "text-align: right"
          RenderTableRow {TR} at (0,34) size 610x30
            RenderTableCell {TH} at (2,50) size 102x30 [border: (1px inset #808080)] [r=1 c=0 rs=2 cs=2]
              RenderText {#text} at (48,22) size 5x17
                text run at (48,6) width 5: " "
            RenderTableCell {TH} at (105,34) size 503x30 [border: (1px inset #808080)] [r=1 c=2 rs=1 cs=4]
              RenderText {#text} at (177,6) size 148x17
                text run at (177,6) width 148: "-webkit-writing-mode"
          RenderTableRow {TR} at (0,66) size 610x30
            RenderTableCell {TH} at (105,66) size 125x30 [border: (1px inset #808080)] [r=2 c=2 rs=1 cs=1]
              RenderText {#text} at (18,6) size 88x17
                text run at (18,6) width 88: "horizontal-tb"
            RenderTableCell {TH} at (231,66) size 125x30 [border: (1px inset #808080)] [r=2 c=3 rs=1 cs=1]
              RenderText {#text} at (18,6) size 88x17
                text run at (18,6) width 88: "horizontal-bt"
            RenderTableCell {TH} at (357,66) size 125x30 [border: (1px inset #808080)] [r=2 c=4 rs=1 cs=1]
              RenderText {#text} at (29,6) size 66x17
                text run at (29,6) width 66: "vertical-lr"
            RenderTableCell {TH} at (483,66) size 125x30 [border: (1px inset #808080)] [r=2 c=5 rs=1 cs=1]
              RenderText {#text} at (29,6) size 66x17
                text run at (29,6) width 66: "vertical-rl"
          RenderTableRow {TR} at (0,98) size 610x124
            RenderTableCell {TH} at (2,208) size 72x30 [border: (1px inset #808080)] [r=3 c=0 rs=4 cs=1]
              RenderText {#text} at (6,116) size 60x17
                text run at (6,6) width 60: "direction"
            RenderTableCell {TH} at (75,145) size 29x30 [border: (1px inset #808080)] [r=3 c=1 rs=1 cs=1]
              RenderText {#text} at (6,53) size 16x17
                text run at (6,6) width 16: "ltr"
            RenderTableCell {TD} at (105,98) size 125x124 [border: (1px solid #000000)] [r=3 c=2 rs=1 cs=1]
              RenderBlock {DIV} at (2,2) size 120x120
                RenderBlock {DETAILS} at (0,0) size 120x18
                  RenderListItem {SUMMARY} at (0,0) size 120x18
                    RenderListMarker at (50,0) size 12x17: "\x{25B8}"
                    RenderText {#text} at (62,0) size 58x17
                      text run at (62,0) width 58: "summary"
                RenderBlock {DETAILS} at (0,18) size 120x18
                  RenderListItem {SUMMARY} at (0,0) size 120x18
                    RenderListMarker at (50,0) size 12x17: "\x{25BE}"
                    RenderText {#text} at (62,0) size 58x17
                      text run at (62,0) width 58: "summary"
                  RenderBlock {SLOT} at (0,18) size 120x0
            RenderTableCell {TD} at (231,98) size 125x124 [border: (1px solid #000000)] [r=3 c=3 rs=1 cs=1]
              RenderBlock {DIV} at (2,2) size 120x120
                RenderBlock {DETAILS} at (0,0) size 120x18
                  RenderListItem {SUMMARY} at (0,0) size 120x18
                    RenderListMarker at (50,1) size 12x17: "\x{25B8}"
                    RenderText {#text} at (62,1) size 58x17
                      text run at (62,1) width 58: "summary"
                RenderBlock {DETAILS} at (0,18) size 120x18
                  RenderListItem {SUMMARY} at (0,0) size 120x18
                    RenderListMarker at (50,1) size 12x17: "\x{25B4}"
                    RenderText {#text} at (62,1) size 58x17
                      text run at (62,1) width 58: "summary"
                  RenderBlock {SLOT} at (0,18) size 120x0
            RenderTableCell {TD} at (357,98) size 125x124 [border: (1px solid #000000)] [r=3 c=4 rs=1 cs=1]
              RenderBlock {DIV} at (2,2) size 120x120
                RenderBlock {DETAILS} at (0,0) size 18x120
                  RenderListItem {SUMMARY} at (0,0) size 18x120
                    RenderListMarker at (1,50) size 17x12: "\x{25BE}"
                    RenderText {#text} at (1,62) size 17x58
                      text run at (1,62) width 58: "summary"
                RenderBlock {DETAILS} at (18,0) size 18x120
                  RenderListItem {SUMMARY} at (0,0) size 18x120
                    RenderListMarker at (1,50) size 17x12: "\x{25B8}"
                    RenderText {#text} at (1,62) size 17x58
                      text run at (1,62) width 58: "summary"
                  RenderBlock {SLOT} at (18,0) size 0x120
            RenderTableCell {TD} at (483,98) size 125x124 [border: (1px solid #000000)] [r=3 c=5 rs=1 cs=1]
              RenderBlock {DIV} at (2,2) size 120x120
                RenderBlock {DETAILS} at (0,0) size 18x120
                  RenderListItem {SUMMARY} at (0,0) size 18x120
                    RenderListMarker at (0,50) size 17x12: "\x{25BE}"
                    RenderText {#text} at (0,62) size 17x58
                      text run at (0,62) width 58: "summary"
                RenderBlock {DETAILS} at (18,0) size 18x120
                  RenderListItem {SUMMARY} at (0,0) size 18x120
                    RenderListMarker at (0,50) size 17x12: "\x{25C2}"
                    RenderText {#text} at (0,62) size 17x58
                      text run at (0,62) width 58: "summary"
                  RenderBlock {SLOT} at (18,0) size 0x120
          RenderTableRow {TR} at (0,224) size 610x124
            RenderTableCell {TH} at (75,271) size 29x30 [border: (1px inset #808080)] [r=4 c=1 rs=1 cs=1]
              RenderText {#text} at (6,53) size 16x17
                text run at (6,6) width 16: "rtl"
            RenderTableCell {TD} at (105,224) size 125x124 [border: (1px solid #000000)] [r=4 c=2 rs=1 cs=1]
              RenderBlock {DIV} at (2,2) size 120x120
                RenderBlock {DETAILS} at (0,0) size 120x18
                  RenderListItem {SUMMARY} at (0,0) size 120x18
                    RenderListMarker at (108,0) size 12x17: "\x{25C2}"
                    RenderText {#text} at (50,0) size 58x17
                      text run at (50,0) width 58: "summary"
                RenderBlock {DETAILS} at (0,18) size 120x18
                  RenderListItem {SUMMARY} at (0,0) size 120x18
                    RenderListMarker at (108,0) size 12x17: "\x{25BE}"
                    RenderText {#text} at (50,0) size 58x17
                      text run at (50,0) width 58: "summary"
                  RenderBlock {SLOT} at (0,18) size 120x0
            RenderTableCell {TD} at (231,224) size 125x124 [border: (1px solid #000000)] [r=4 c=3 rs=1 cs=1]
              RenderBlock {DIV} at (2,2) size 120x120
                RenderBlock {DETAILS} at (0,0) size 120x18
                  RenderListItem {SUMMARY} at (0,0) size 120x18
                    RenderListMarker at (108,1) size 12x17: "\x{25C2}"
                    RenderText {#text} at (50,1) size 58x17
                      text run at (50,1) width 58: "summary"
                RenderBlock {DETAILS} at (0,18) size 120x18
                  RenderListItem {SUMMARY} at (0,0) size 120x18
                    RenderListMarker at (108,1) size 12x17: "\x{25B4}"
                    RenderText {#text} at (50,1) size 58x17
                      text run at (50,1) width 58: "summary"
                  RenderBlock {SLOT} at (0,18) size 120x0
            RenderTableCell {TD} at (357,224) size 125x124 [border: (1px solid #000000)] [r=4 c=4 rs=1 cs=1]
              RenderBlock {DIV} at (2,2) size 120x120
                RenderBlock {DETAILS} at (0,0) size 18x120
                  RenderListItem {SUMMARY} at (0,0) size 18x120
                    RenderListMarker at (1,108) size 17x12: "\x{25B4}"
                    RenderText {#text} at (1,50) size 17x58
                      text run at (1,50) width 58: "summary"
                RenderBlock {DETAILS} at (18,0) size 18x120
                  RenderListItem {SUMMARY} at (0,0) size 18x120
                    RenderListMarker at (1,108) size 17x12: "\x{25B8}"
                    RenderText {#text} at (1,50) size 17x58
                      text run at (1,50) width 58: "summary"
                  RenderBlock {SLOT} at (18,0) size 0x120
            RenderTableCell {TD} at (483,224) size 125x124 [border: (1px solid #000000)] [r=4 c=5 rs=1 cs=1]
              RenderBlock {DIV} at (2,2) size 120x120
                RenderBlock {DETAILS} at (0,0) size 18x120
                  RenderListItem {SUMMARY} at (0,0) size 18x120
                    RenderListMarker at (0,108) size 17x12: "\x{25B4}"
                    RenderText {#text} at (0,50) size 17x58
                      text run at (0,50) width 58: "summary"
                RenderBlock {DETAILS} at (18,0) size 18x120
                  RenderListItem {SUMMARY} at (0,0) size 18x120
                    RenderListMarker at (0,108) size 17x12: "\x{25C2}"
                    RenderText {#text} at (0,50) size 17x58
                      text run at (0,50) width 58: "summary"
                  RenderBlock {SLOT} at (18,0) size 0x120
