layer at (0,0) size 800x600
  RenderView at (0,0) size 800x600
layer at (0,0) size 800x36
  RenderBlock {HTML} at (0,0) size 800x36
    RenderBody {BODY} at (8,8) size 784x20 [bgcolor=#666666]
      RenderMenuList {SELECT} at (0,0) size 32x20 [color=#007AFF] [border: (1px solid #FFFFFF)]
        RenderBlock (anonymous) at (6,3) size 20x14
          RenderText at (0,0) size 6x14
            text run at (0,0) width 6: "1"
      RenderText {#text} at (0,0) size 0x0
